
> procureflow@0.0.0 build
> npm run build:prod


> procureflow@0.0.0 build:prod
> tsc && vite build --mode production

[36mvite v6.4.1 [32mbuilding for production...[36m[39m
Vite: version.json generated
  - Version: 1777898996831
  - Git Hash: f8216e4
  - Environment: production
transforming...
[32mΓ£ô[39m 2489 modules transformed.
rendering chunks...
computing gzip size...
[2mdist/[22m[32mindex.html                                     [39m[1m[2m  4.69 kB[22m[1m[22m[2m Γöé gzip:   1.54 kB[22m
[2mdist/[22m[35massets/index.eekWITzp.css                      [39m[1m[2m  4.18 kB[22m[1m[22m[2m Γöé gzip:   1.18 kB[22m
[2mdist/[22m[36massets/useSubmitGuard.DNFcd3a3.js              [39m[1m[2m  0.21 kB[22m[1m[22m[2m Γöé gzip:   0.19 kB[22m
[2mdist/[22m[36massets/PageHeader.FvTJWAvu.js                  [39m[1m[2m  0.68 kB[22m[1m[22m[2m Γöé gzip:   0.39 kB[22m
[2mdist/[22m[36massets/v4.CcQs6ztn.js                          [39m[1m[2m  0.94 kB[22m[1m[22m[2m Γöé gzip:   0.51 kB[22m
[2mdist/[22m[36massets/itemRequestService.DKaVts3e.js          [39m[1m[2m  2.09 kB[22m[1m[22m[2m Γöé gzip:   0.81 kB[22m
[2mdist/[22m[36massets/ToastNotification.Ra1BGskx.js           [39m[1m[2m  2.12 kB[22m[1m[22m[2m Γöé gzip:   0.99 kB[22m
[2mdist/[22m[36massets/ConfirmDialog.NwYM7MVk.js               [39m[1m[2m  2.57 kB[22m[1m[22m[2m Γöé gzip:   0.99 kB[22m
[2mdist/[22m[36massets/itemPreviewOptions.D5UlAH6J.js          [39m[1m[2m  2.61 kB[22m[1m[22m[2m Γöé gzip:   1.20 kB[22m
[2mdist/[22m[36massets/sellPricingService.CnzzOJH_.js          [39m[1m[2m  2.76 kB[22m[1m[22m[2m Γöé gzip:   1.09 kB[22m
[2mdist/[22m[36massets/AdminTools.CFOx5rXD.js                  [39m[1m[2m  4.11 kB[22m[1m[22m[2m Γöé gzip:   1.66 kB[22m
[2mdist/[22m[36massets/pricingScheduleService.DfTTN1L3.js      [39m[1m[2m  4.66 kB[22m[1m[22m[2m Γöé gzip:   1.29 kB[22m
[2mdist/[22m[36massets/azureDbService.Co7HHpIG.js              [39m[1m[2m  5.48 kB[22m[1m[22m[2m Γöé gzip:   2.12 kB[22m
[2mdist/[22m[36massets/FuturePricesPanel.WMnIwjBb.js           [39m[1m[2m  5.53 kB[22m[1m[22m[2m Γöé gzip:   1.62 kB[22m
[2mdist/[22m[36massets/HistoryView.DlNq9HDF.js                 [39m[1m[2m  6.09 kB[22m[1m[22m[2m Γöé gzip:   2.17 kB[22m
[2mdist/[22m[36massets/DataIngestion.CN-NNGfs.js               [39m[1m[2m  6.28 kB[22m[1m[22m[2m Γöé gzip:   2.29 kB[22m
[2mdist/[22m[36massets/fileParser.D7ZMoiWB.js                  [39m[1m[2m  6.42 kB[22m[1m[22m[2m Γöé gzip:   2.62 kB[22m
[2mdist/[22m[36massets/ItemApprovalQueue.Dgt1w_o9.js           [39m[1m[2m  6.83 kB[22m[1m[22m[2m Γöé gzip:   2.53 kB[22m
[2mdist/[22m[36massets/MasterDataQueue.ZG1xENGk.js             [39m[1m[2m  8.18 kB[22m[1m[22m[2m Γöé gzip:   2.57 kB[22m
[2mdist/[22m[36massets/ItemCatalogue.HVEpnS3q.js               [39m[1m[2m  8.54 kB[22m[1m[22m[2m Γöé gzip:   2.58 kB[22m
[2mdist/[22m[36massets/MyItemRequests.C29VlYqu.js              [39m[1m[2m  9.28 kB[22m[1m[22m[2m Γöé gzip:   2.80 kB[22m
[2mdist/[22m[36massets/EntityAuditPanel.CEO6QWTg.js            [39m[1m[2m  9.63 kB[22m[1m[22m[2m Γöé gzip:   3.50 kB[22m
[2mdist/[22m[36massets/PriceHistoryPanel.BeX8rbGO.js           [39m[1m[2m 10.52 kB[22m[1m[22m[2m Γöé gzip:   2.12 kB[22m
[2mdist/[22m[36massets/PricingSchedulesList.DkX_a7k-.js        [39m[1m[2m 10.94 kB[22m[1m[22m[2m Γöé gzip:   2.95 kB[22m
[2mdist/[22m[36massets/ReportingView.B9hgwtJG.js               [39m[1m[2m 11.02 kB[22m[1m[22m[2m Γöé gzip:   3.08 kB[22m
[2mdist/[22m[36massets/CutoverReadinessChecker.D7Tj4N4T.js     [39m[1m[2m 11.30 kB[22m[1m[22m[2m Γöé gzip:   3.69 kB[22m
[2mdist/[22m[36massets/ApprovalRulesConfig.CEX4T2g2.js         [39m[1m[2m 13.52 kB[22m[1m[22m[2m Γöé gzip:   3.45 kB[22m
[2mdist/[22m[36massets/itemCreationPreviewService.Dw6tqS23.js  [39m[1m[2m 14.57 kB[22m[1m[22m[2m Γöé gzip:   4.30 kB[22m
[2mdist/[22m[36massets/ItemRequestForm.CIprJoyn.js             [39m[1m[2m 15.53 kB[22m[1m[22m[2m Γöé gzip:   3.51 kB[22m
[2mdist/[22m[36massets/POList.C9JnjFVv.js                      [39m[1m[2m 15.92 kB[22m[1m[22m[2m Γöé gzip:   4.65 kB[22m
[2mdist/[22m[36massets/ApprovalQueue.DccpaLW2.js               [39m[1m[2m 16.11 kB[22m[1m[22m[2m Γöé gzip:   4.45 kB[22m
[2mdist/[22m[36massets/HelpGuide.BautZgSt.js                   [39m[1m[2m 17.41 kB[22m[1m[22m[2m Γöé gzip:   6.80 kB[22m
[2mdist/[22m[36massets/SmartBuyingDashboard.jPMDMY55.js        [39m[1m[2m 21.21 kB[22m[1m[22m[2m Γöé gzip:   5.65 kB[22m
[2mdist/[22m[36massets/ActiveRequestsView.wZvlgDqX.js          [39m[1m[2m 21.66 kB[22m[1m[22m[2m Γöé gzip:   4.80 kB[22m
[2mdist/[22m[36massets/PricingScheduleForm.me3XbTep.js         [39m[1m[2m 22.38 kB[22m[1m[22m[2m Γöé gzip:   5.14 kB[22m
[2mdist/[22m[36massets/FinanceView.pk_r7fdf.js                 [39m[1m[2m 22.55 kB[22m[1m[22m[2m Γöé gzip:   5.04 kB[22m
[2mdist/[22m[36massets/PriceManagementDashboard.BPKzMtMX.js    [39m[1m[2m 29.35 kB[22m[1m[22m[2m Γöé gzip:   6.56 kB[22m
[2mdist/[22m[36massets/POCreate.B_YRxPGl.js                    [39m[1m[2m 33.12 kB[22m[1m[22m[2m Γöé gzip:   8.17 kB[22m
[2mdist/[22m[36massets/Dashboard.Bs2NwHIu.js                   [39m[1m[2m 39.46 kB[22m[1m[22m[2m Γöé gzip:  10.21 kB[22m
[2mdist/[22m[36massets/vendor.C6Epz1M-.js                      [39m[1m[2m 46.97 kB[22m[1m[22m[2m Γöé gzip:  16.86 kB[22m
[2mdist/[22m[36massets/ItemRequestDetail.ao0DXfBT.js           [39m[1m[2m 54.35 kB[22m[1m[22m[2m Γöé gzip:  10.81 kB[22m
[2mdist/[22m[36massets/ItemCreationPreview.DLM2CFhm.js         [39m[1m[2m 57.71 kB[22m[1m[22m[2m Γöé gzip:  12.58 kB[22m
[2mdist/[22m[36massets/PODetail.Dn4ldBG_.js                    [39m[1m[2m 66.10 kB[22m[1m[22m[2m Γöé gzip:  15.21 kB[22m
[2mdist/[22m[36massets/db.CmCh0wZf.js                          [39m[1m[2m175.84 kB[22m[1m[22m[2m Γöé gzip:  46.15 kB[22m
[2mdist/[22m[36massets/index.Czb9LWdZ.js                       [39m[1m[2m368.71 kB[22m[1m[22m[2m Γöé gzip: 107.54 kB[22m
[2mdist/[22m[36massets/ui.0LpMKQC2.js                          [39m[1m[2m404.77 kB[22m[1m[22m[2m Γöé gzip: 115.96 kB[22m
[2mdist/[22m[36massets/Settings.TVzaIDjy.js                    [39m[1m[2m405.09 kB[22m[1m[22m[2m Γöé gzip:  88.85 kB[22m
[2mdist/[22m[36massets/xlsx.BBWTpfDg.js                        [39m[1m[2m424.73 kB[22m[1m[22m[2m Γöé gzip: 141.75 kB[22m
[32mΓ£ô built in 5.17s[39m
